
> @jackyzha0/quartz@4.5.2 build
> node ./quartz/bootstrap-cli.mjs build -d .


 Quartz v4.5.2  

(node:25032) [DEP0040] DeprecationWarning: The `punycode` module is deprecated. Please use a userland alternative instead.
(Use `node --trace-deprecation ...` to show where the warning was created)
Cleaned output directory `public` in 5s
Found 305 input files from `.` in 1s
Parsing input files using 2 threads
(node:25032) [DEP0040] DeprecationWarning: The `punycode` module is deprecated. Please use a userland alternative instead.
(Use `node --trace-deprecation ...` to show where the warning was created)
(node:25032) [DEP0040] DeprecationWarning: The `punycode` module is deprecated. Please use a userland alternative instead.
(Use `node --trace-deprecation ...` to show where the warning was created)

Warning: found invalid date "0" in `AGENT_HANDOFF_PHASE_2AF.md`. Supported formats: https://developer.mozilla.org/en-US/docs/Web/JavaScript/Reference/Global_Objects/Date#date_time_string_format
Parsed 305 Markdown files in 52s
Filtered out 71 files in 574μs
Emitting files
Emitted 993 files to `public` in 2m
Done processing 305 files in 3m
